
   FAIL  Tests\Feature\ContentTest
  Γ¿» it can list allΓÇª  0.39s  
  ΓöÇΓöÇΓöÇΓöÇΓöÇΓöÇΓöÇΓöÇΓöÇΓöÇΓöÇΓöÇΓöÇΓöÇΓöÇΓöÇΓöÇΓöÇΓöÇΓöÇΓöÇΓöÇΓöÇΓöÇΓöÇ  
   FAILED  Tests\Feature</>ΓÇª   
  Failed asserting that an array has the key 'current_page'.

  at tests\Feature\ContentTest.php:28
     24Γûò 
     25Γûò     $response = actingAs($this->user, 'api')->getJson('/api/v1/contents');
     26Γûò 
     27Γûò     $response->assertStatus(200)
  Γ₧£  28Γûò         ->assertJsonStructure([
     29Γûò             'status',
     30Γûò             'data' => [
     31Γûò                 'data',
     32Γûò                 'current_page',


  Tests:    1 failed (5 assertions)
  Duration: 0.57s

